logos
loislane
loki
longer
lori
lost
lotus
lou
macha
macross
madoka
makeitso
mallard
marc
math
mattingly
mechanic
meister
mercer
merde
merrill
michal
michou
mickel
minou
mobydick
modem
mojo
montana3
montrose
motor
mowgli
mulder1
muscle
neil
neutrino
newaccount
nicklaus
nightshade
nightwing
nike
none1
nopass
nouveau
novell
oaxaca
obiwan
obsession
orville
otter
ozzy
packrat
paint
papa
paradigm
pass
pavel
peterk
phialpha
phishy
piano1
pianoman
pianos
pipeline
plato
play
poetic
print
printing
provider
qqq111
quebec
qwer
racer
racerx
radar
rafiki
raleigh
rasta1
redcloud
redfish
redwing
redwood
reed
rene
reznor
rhino
ripple
rita
robocop
robotics
roche
roni
rossignol
rugger
safety1
saigon
satori
saturn5
schnapps
scotch
scuba
secret3
seeker
services
sex
shanghai
shazam
shelter
sigmachi
signal
signature
simsim
skydive
slick
smegma
smiths
smurfy
snow
sober1
sonics
sony
spazz
sphynx
spock
spoon
spot
sprocket
starbuck
steel
stephi
sting
stocks
storage
strat
strato
stud
student2
susanna
swanson
swim
switzer
system5
t-bone
talon
tarheel
tata
tazdevil
tester
testtest
thisisit
thorne
tightend
tim
tom
tool
total
toucan
transfer
transit
transport
trapper
trash
trophy
tucson
turbo2
unity
upsilon
vedder
vette
vikram
virago
visual
volcano
walden
waldo
walleye
webmaster
wedge
whale1
whit
whoville
wibble
will
wombat1
word
world
x-files
xxx123
zack
zepplin
zoltan
zoomer
123go
21122112
5555
911
FuckYou
Fuckyou
Gizmo
Hello
Michel
Qwerty
Windows
angus
aspen
ass
bird
booster
byteme
cats
changeit
christia
christoph
classroom
cloclo
corrado
dasha
fiction
french1
fubar
gator
gilles
gocougs
hilbert
hola
home
judy
koko
lulu
mac
macintosh
mailer
mars
meow
ne1469
niki
paul
politics
pomme
property
ruth
sales
salut
scrooge
skidoo
spain
surf
sylvie
symbol
forum
rotimi
god
saved
2580
1998
xxx
1928
777
info
a
netware
sun
tech
doom
mmm
one
ppp
1911
1948
1996
5252
Champs
Tuesday
bach
crow
don
draft
hal9000
herzog
huey
jethrotull
jussi
mail
miki
nicarao
snowski
1316
1412
1430
1952
1953
1955
1956
1960
1964
1qw23e
22
2200
2252
3010
3112
4788
6262
Alpha
Bastard
Beavis
Cardinal
Celtics
Cougar
Darkman
Figaro
Fortune
Geronimo
Hammer
Homer
Janet
Mellon
Merlot
Metallic
Montreal
Newton
Paladin
Peanuts
Service
Vernon
Waterloo
Webster
aki123
aqua
aylmer
beta
bozo
car
chat
chinacat
cora
courier
dogbert
eieio
elina1
fly
funguy
fuzz
ggeorge
glider1
gone
hawk
heikki
histoire
hugh
if6was9
ingvar
jan
jedi
jimi
juhani
khan
lima
midvale
neko
nesbit
nexus6
nisse
notta1
pam
park
pole
pope
pyro
ram
reliant
rex
rush
seoul
skip
stan
sue
suzy
tab
testi
thelorax
tika
tnt
toto1
tre
wind
x-men
xyz
zxc
369
Abcdef
Asdfgh
Changeme
NCC1701
Zxcvbnm
demo
doom2
e
good-luck
homebrew
m1911a1
nat
ne1410s
ne14a69
zhongguo
sample123
0852
basf
OU812
!@#$%
informix
majordomo
news
temp
trek
!@#$%^
!@#$%^&*
Pentium
Raistlin
adi
bmw
law
m
new
opus
plus
visa
www
y
zzz
1332
1950
3141
3533
4055
4854
6301
Bonzo
ChangeMe
Front242
Gretel
Michel1
Noriko
Sidekick
Sverige
Swoosh
Woodrow
aa
ayelet
barn
betacam
biz
boat
cuda
doc
hal
hallowell
haro
hosehead
i
ilmari
irmeli
j1l2t3
jer
kcin
kerrya
kissa2
leaf
lissabon
mart
matti1
mech
morecats
paagal
performa
prof
ratio
ship
slip
stivers
tapani
targas
test2
test3
tula
unix
user1
xanth
!@#$%^&
1701d
@#$%^&
Qwert
allo
dirk
go
newcourt
nite
notused
sss
logos
loislane
loki
longer
lori
lost
lotus
lou
macha
macross
madoka
makeitso
mallard
marc
math
mattingly
mechanic
meister
mercer
merde
merrill
michal
michou
mickel
minou
mobydick
modem
mojo
montana3
montrose
motor
mowgli
mulder1
muscle
neil
neutrino
newaccount
nicklaus
nightshade
nightwing
nike
none1
nopass
nouveau
novell
oaxaca
obiwan
obsession
orville
otter
ozzy
packrat
paint
papa
paradigm
pass
pavel
peterk
phialpha
phishy
piano1
pianoman
pianos
pipeline
plato
play
poetic
print
printing
provider
qqq111
quebec
qwer
racer
racerx
radar
rafiki
raleigh
rasta1
redcloud
redfish
redwing
redwood
reed
rene
reznor
rhino
ripple
rita
robocop
robotics
roche
roni
rossignol
rugger
safety1
saigon
satori
saturn5
schnapps
scotch
scuba
secret3
seeker
services
sex
shanghai
shazam
shelter
sigmachi
signal
signature
simsim
skydive
slick
smegma
smiths
smurfy
snow
sober1
sonics
sony
spazz
sphynx
spock
spoon
spot
sprocket
starbuck
steel
stephi
sting
stocks
storage
strat
strato
stud
student2
susanna
swanson
swim
switzer
system5
t-bone
talon
tarheel
tata
tazdevil
tester
testtest
thisisit
thorne
tightend
tim
tom
tool
total
toucan
transfer
transit
transport
trapper
trash
trophy
tucson
turbo2
unity
upsilon
vedder
vette
vikram
virago
visual
volcano
walden
waldo
walleye
webmaster
wedge
whale1
whit
whoville
wibble
will
wombat1
word
world
x-files
xxx123
zack
zepplin
zoltan
zoomer
123go
21122112
5555
911
FuckYou
Fuckyou
Gizmo
Hello
Michel
Qwerty
Windows
angus
aspen
ass
bird
booster
byteme
cats
changeit
christia
christoph
classroom
cloclo
corrado
dasha
fiction
french1
fubar
gator
gilles
gocougs
hilbert
hola
home
judy
koko
lulu
mac
macintosh
mailer
mars
meow
ne1469
niki
paul
politics
pomme
property
ruth
sales
salut
scrooge
skidoo
spain
surf
sylvie
symbol
forum
rotimi
god
saved
2580
1998
xxx
1928
777
info
a
netware
sun
tech
doom
mmm
one
ppp
1911
1948
1996
5252
Champs
Tuesday
bach
crow
don
draft
hal9000
herzog
huey
jethrotull
jussi
mail
miki
nicarao
snowski
1316
1412
1430
1952
1953
1955
1956
1960
1964
1qw23e
22
2200
2252
3010
3112
4788
6262
Alpha
Bastard
Beavis
Cardinal
Celtics
Cougar
Darkman
Figaro
Fortune
Geronimo
Hammer
Homer
Janet
Mellon
Merlot
Metallic
Montreal
Newton
Paladin
Peanuts
Service
Vernon
Waterloo
Webster
aki123
aqua
aylmer
beta
bozo
car
chat
chinacat
cora
courier
dogbert
eieio
elina1
fly
funguy
fuzz
ggeorge
glider1
gone
hawk
heikki
histoire
hugh
if6was9
ingvar
jan
jedi
jimi
juhani
khan
lima
midvale
neko
nesbit
nexus6
nisse
notta1
pam
park
pole
pope
pyro
ram
reliant
rex
rush
seoul
skip
stan
sue
suzy
tab
testi
thelorax
tika
tnt
toto1
tre
wind
x-men
xyz
zxc
369
Abcdef
Asdfgh
Changeme
NCC1701
Zxcvbnm
demo
doom2
e
good-luck
homebrew
m1911a1
nat
ne1410s
ne14a69
zhongguo
sample123
0852
basf
OU812
!@#$%
informix
majordomo
news
temp
trek
!@#$%^
!@#$%^&*
Pentium
Raistlin
adi
bmw
law
m
new
opus
plus
visa
www
y
zzz
1332
1950
3141
3533
4055
4854
6301
Bonzo
ChangeMe
Front242
Gretel
Michel1
Noriko
Sidekick
Sverige
Swoosh
Woodrow
aa
ayelet
barn
betacam
biz
boat
cuda
doc
hal
hallowell
haro
hosehead
i
ilmari
irmeli
j1l2t3
jer
kcin
kerrya
kissa2
leaf
lissabon
mart
matti1
mech
morecats
paagal
performa
prof
ratio
ship
slip
stivers
tapani
targas
test2
test3
tula
unix
user1
xanth
!@#$%^&
1701d
@#$%^&
Qwert
allo
dirk
go
newcourt
nite
notused
sss
